// Jest Snapshot v1, https://goo.gl/fbAQLP

exports[`App should match the snapshot with all data passed in 1`] = `
<div
  className="App"
>
  <header
    className="header"
  >
    <h1
      className="header-title"
    >
      <span>
        [snap-
      </span>
      shot
      <span>
        ]
      </span>
    </h1>
  </header>
  <section
    className="snapshot-intro"
  >
    <div
      className="flashcard-selections"
    >
      Browse Languages & Concepts:
      <div
        className="individual-flashcard-option"
      >
        <div
          className="flashcard-container"
        >
          <div
            className="flashcard-image"
          />
          <div
            className="flashcard-title-box"
          >
            Array Prototypes
            <button
              className="start-flashcards"
              onClick={[Function]}
            >
              Start Learning
            </button>
          </div>
        </div>
        <div
          className="flashcard-container"
        >
          <div
            className="flashcard-image-2"
          />
          <div
            className="flashcard-title-box"
          >
            My Saved Concepts
            <button
              className="start-flashcards"
              onClick={[Function]}
            >
              Start Practicing
            </button>
          </div>
        </div>
      </div>
    </div>
    <div
      className="intro-hero"
    >
      <div
        className="polaroid-image-main"
      >
        <div
          className="box"
        >
          <div
            className="intro-details"
          >
            <h2
              className="intro-headline"
            >
              Flashcards for advanced learning of programming languages and concepts.
            </h2>
          </div>
        </div>
      </div>
    </div>
  </section>
  <Flashcards
    canRemoveFlashcard={false}
    chosenFlashcardSet=""
    removeFlashcardFromSet={Array []}
    renderSavedFlashcards={[Function]}
    resetFlashcards={[Function]}
  />
  <Answer
    chosenFlashcardSet=""
  />
</div>
`;
